// Jest Snapshot v1, https://goo.gl/fbAQLP

exports[`should render grid correctly 1`] = `
<DocumentFragment>
  <div
    class="css-2gtdmb"
    size="12"
  >
    <div
      class="css-1na1t6s"
      data-testid="9_0,0"
    >
      <div
        class="css-b14p9c"
      />
    </div>
    <div
      class="css-1w4pte2"
      data-testid="2_1,0"
    >
      2
    </div>
    <div
      class="css-1na1t6s"
      data-testid="9_2,0"
    >
      <div
        class="css-b14p9c"
      />
    </div>
    <div
      class="css-1yu2ia5"
      data-testid="1_3,0"
    >
      1
    </div>
    <div
      class="css-1bascby"
      data-testid="0_4,0"
    />
    <div
      class="css-1bascby"
      data-testid="0_5,0"
    />
    <div
      class="css-1yu2ia5"
      data-testid="1_6,0"
    >
      1
    </div>
    <div
      class="css-1yu2ia5"
      data-testid="1_7,0"
    >
      1
    </div>
    <div
      class="css-1yu2ia5"
      data-testid="1_8,0"
    >
      1
    </div>
    <div
      class="css-1yu2ia5"
      data-testid="1_9,0"
    >
      1
    </div>
    <div
      class="css-1yu2ia5"
      data-testid="1_10,0"
    >
      1
    </div>
    <div
      class="css-1yu2ia5"
      data-testid="1_11,0"
    >
      1
    </div>
    <div
      class="css-1yu2ia5"
      data-testid="1_0,1"
    >
      1
    </div>
    <div
      class="css-1w4pte2"
      data-testid="2_1,1"
    >
      2
    </div>
    <div
      class="css-1w4pte2"
      data-testid="2_2,1"
    >
      2
    </div>
    <div
      class="css-1w4pte2"
      data-testid="2_3,1"
    >
      2
    </div>
    <div
      class="css-1yu2ia5"
      data-testid="1_4,1"
    >
      1
    </div>
    <div
      class="css-1bascby"
      data-testid="0_5,1"
    />
    <div
      class="css-1yu2ia5"
      data-testid="1_6,1"
    >
      1
    </div>
    <div
      class="css-1na1t6s"
      data-testid="9_7,1"
    >
      <div
        class="css-b14p9c"
      />
    </div>
    <div
      class="css-1yu2ia5"
      data-testid="1_8,1"
    >
      1
    </div>
    <div
      class="css-1yu2ia5"
      data-testid="1_9,1"
    >
      1
    </div>
    <div
      class="css-1na1t6s"
      data-testid="9_10,1"
    >
      <div
        class="css-b14p9c"
      />
    </div>
    <div
      class="css-1yu2ia5"
      data-testid="1_11,1"
    >
      1
    </div>
    <div
      class="css-1bascby"
      data-testid="0_0,2"
    />
    <div
      class="css-1bascby"
      data-testid="0_1,2"
    />
    <div
      class="css-1yu2ia5"
      data-testid="1_2,2"
    >
      1
    </div>
    <div
      class="css-1na1t6s"
      data-testid="9_3,2"
    >
      <div
        class="css-b14p9c"
      />
    </div>
    <div
      class="css-rqpdce"
      data-testid="10_4,2"
    />
    <div
      class="css-1bascby"
      data-testid="0_5,2"
    />
    <div
      class="css-1w4pte2"
      data-testid="2_6,2"
    >
      2
    </div>
    <div
      class="css-1w4pte2"
      data-testid="2_7,2"
    >
      2
    </div>
    <div
      class="css-1w4pte2"
      data-testid="2_8,2"
    >
      2
    </div>
    <div
      class="css-1yu2ia5"
      data-testid="1_9,2"
    >
      1
    </div>
    <div
      class="css-1yu2ia5"
      data-testid="1_10,2"
    >
      1
    </div>
    <div
      class="css-1yu2ia5"
      data-testid="1_11,2"
    >
      1
    </div>
    <div
      class="css-1bascby"
      data-testid="0_0,3"
    />
    <div
      class="css-1bascby"
      data-testid="0_1,3"
    />
    <div
      class="css-rqpdce"
      data-testid="10_2,3"
    />
    <div
      class="css-rqpdce"
      data-testid="10_3,3"
    />
    <div
      class="css-1yu2ia5"
      data-testid="1_4,3"
    >
      1
    </div>
    <div
      class="css-1bascby"
      data-testid="0_5,3"
    />
    <div
      class="css-1yu2ia5"
      data-testid="1_6,3"
    >
      1
    </div>
    <div
      class="css-1na1t6s"
      data-testid="9_7,3"
    >
      <div
        class="css-b14p9c"
      />
    </div>
    <div
      class="css-1yu2ia5"
      data-testid="1_8,3"
    >
      1
    </div>
    <div
      class="css-1w4pte2"
      data-testid="2_9,3"
    >
      2
    </div>
    <div
      class="css-1w4pte2"
      data-testid="2_10,3"
    >
      2
    </div>
    <div
      class="css-1w4pte2"
      data-testid="2_11,3"
    >
      2
    </div>
    <div
      class="css-1bascby"
      data-testid="0_0,4"
    />
    <div
      class="css-1yu2ia5"
      data-testid="1_1,4"
    >
      1
    </div>
    <div
      class="css-1yu2ia5"
      data-testid="1_2,4"
    >
      1
    </div>
    <div
      class="css-1w4pte2"
      data-testid="2_3,4"
    >
      2
    </div>
    <div
      class="css-1w4pte2"
      data-testid="2_4,4"
    >
      2
    </div>
    <div
      class="css-1na1t6s"
      data-testid="9_5,4"
    >
      <div
        class="css-b14p9c"
      />
    </div>
    <div
      class="css-1yu2ia5"
      data-testid="1_6,4"
    >
      1
    </div>
    <div
      class="css-1yu2ia5"
      data-testid="1_7,4"
    >
      1
    </div>
    <div
      class="css-1yu2ia5"
      data-testid="1_8,4"
    >
      1
    </div>
    <div
      class="css-1bascby"
      data-testid="0_9,4"
    />
    <div
      class="css-1bascby"
      data-testid="0_10,4"
    />
    <div
      class="css-1bascby"
      data-testid="0_11,4"
    />
    <div
      class="css-1bascby"
      data-testid="0_0,5"
    />
    <div
      class="css-1yu2ia5"
      data-testid="1_1,5"
    >
      1
    </div>
    <div
      class="css-1na1t6s"
      data-testid="9_2,5"
    >
      <div
        class="css-b14p9c"
      />
    </div>
    <div
      class="css-1e2a6pr"
      data-testid="3_3,5"
    >
      3
    </div>
    <div
      class="css-1na1t6s"
      data-testid="9_4,5"
    >
      <div
        class="css-b14p9c"
      />
    </div>
    <div
      class="css-1w4pte2"
      data-testid="2_5,5"
    >
      2
    </div>
    <div
      class="css-rqpdce"
      data-testid="10_6,5"
    />
    <div
      class="css-1bascby"
      data-testid="0_7,5"
    />
    <div
      class="css-1bascby"
      data-testid="0_8,5"
    />
    <div
      class="css-1w4pte2"
      data-testid="2_9,5"
    >
      2
    </div>
    <div
      class="css-1yu2ia5"
      data-testid="1_10,5"
    >
      1
    </div>
    <div
      class="css-1yu2ia5"
      data-testid="1_11,5"
    >
      1
    </div>
    <div
      class="css-1bascby"
      data-testid="0_0,6"
    />
    <div
      class="css-1w4pte2"
      data-testid="2_1,6"
    >
      2
    </div>
    <div
      class="css-1w4pte2"
      data-testid="2_2,6"
    >
      2
    </div>
    <div
      class="css-1qy3cpa"
      data-testid="4_3,6"
    >
      4
    </div>
    <div
      class="css-1na1t6s"
      data-testid="9_4,6"
    >
      <div
        class="css-b14p9c"
      />
    </div>
    <div
      class="css-1w4pte2"
      data-testid="2_5,6"
    >
      2
    </div>
    <div
      class="css-rqpdce"
      data-testid="10_6,6"
    />
    <div
      class="css-1yu2ia5"
      data-testid="1_7,6"
    >
      1
    </div>
    <div
      class="css-1yu2ia5"
      data-testid="1_8,6"
    >
      1
    </div>
    <div
      class="css-1yu2ia5"
      data-testid="1_9,6"
    >
      1
    </div>
    <div
      class="css-1na1t6s"
      data-testid="9_10,6"
    >
      <div
        class="css-b14p9c"
      />
    </div>
    <div
      class="css-1yu2ia5"
      data-testid="1_11,6"
    >
      1
    </div>
    <div
      class="css-1bascby"
      data-testid="0_0,7"
    />
    <div
      class="css-1yu2ia5"
      data-testid="1_1,7"
    >
      1
    </div>
    <div
      class="css-1na1t6s"
      data-testid="9_2,7"
    >
      <div
        class="css-b14p9c"
      />
    </div>
    <div
      class="css-1w4pte2"
      data-testid="2_3,7"
    >
      2
    </div>
    <div
      class="css-1yu2ia5"
      data-testid="1_4,7"
    >
      1
    </div>
    <div
      class="css-1yu2ia5"
      data-testid="1_5,7"
    >
      1
    </div>
    <div
      class="css-1yu2ia5"
      data-testid="1_6,7"
    >
      1
    </div>
    <div
      class="css-1na1t6s"
      data-testid="9_7,7"
    >
      <div
        class="css-b14p9c"
      />
    </div>
    <div
      class="css-1yu2ia5"
      data-testid="1_8,7"
    >
      1
    </div>
    <div
      class="css-1w4pte2"
      data-testid="2_9,7"
    >
      2
    </div>
    <div
      class="css-1w4pte2"
      data-testid="2_10,7"
    >
      2
    </div>
    <div
      class="css-1w4pte2"
      data-testid="2_11,7"
    >
      2
    </div>
    <div
      class="css-1bascby"
      data-testid="0_0,8"
    />
    <div
      class="css-1yu2ia5"
      data-testid="1_1,8"
    >
      1
    </div>
    <div
      class="css-rqpdce"
      data-testid="10_2,8"
    />
    <div
      class="css-rqpdce"
      data-testid="10_3,8"
    />
    <div
      class="css-1bascby"
      data-testid="0_4,8"
    />
    <div
      class="css-1bascby"
      data-testid="0_5,8"
    />
    <div
      class="css-1yu2ia5"
      data-testid="1_6,8"
    >
      1
    </div>
    <div
      class="css-1yu2ia5"
      data-testid="1_7,8"
    >
      1
    </div>
    <div
      class="css-1yu2ia5"
      data-testid="1_8,8"
    >
      1
    </div>
    <div
      class="css-1yu2ia5"
      data-testid="1_9,8"
    >
      1
    </div>
    <div
      class="css-1na1t6s"
      data-testid="9_10,8"
    >
      <div
        class="css-b14p9c"
      />
    </div>
    <div
      class="css-1yu2ia5"
      data-testid="1_11,8"
    >
      1
    </div>
    <div
      class="css-1bascby"
      data-testid="0_0,9"
    />
    <div
      class="css-1yu2ia5"
      data-testid="1_1,9"
    >
      1
    </div>
    <div
      class="css-rqpdce"
      data-testid="10_2,9"
    />
    <div
      class="css-rqpdce"
      data-testid="10_3,9"
    />
    <div
      class="css-1bascby"
      data-testid="0_4,9"
    />
    <div
      class="css-1bascby"
      data-testid="0_5,9"
    />
    <div
      class="css-1yu2ia5"
      data-testid="1_6,9"
    >
      1
    </div>
    <div
      class="css-1yu2ia5"
      data-testid="1_7,9"
    >
      1
    </div>
    <div
      class="css-1yu2ia5"
      data-testid="1_8,9"
    >
      1
    </div>
    <div
      class="css-1yu2ia5"
      data-testid="1_9,9"
    >
      1
    </div>
    <div
      class="css-1na1t6s"
      data-testid="9_10,9"
    >
      <div
        class="css-b14p9c"
      />
    </div>
    <div
      class="css-1yu2ia5"
      data-testid="1_11,9"
    >
      1
    </div>
    <div
      class="css-1bascby"
      data-testid="0_0,10"
    />
    <div
      class="css-1yu2ia5"
      data-testid="1_1,10"
    >
      1
    </div>
    <div
      class="css-1yu2ia5"
      data-testid="1_2,10"
    >
      1
    </div>
    <div
      class="css-1yu2ia5"
      data-testid="1_3,10"
    >
      1
    </div>
    <div
      class="css-1bascby"
      data-testid="0_4,10"
    />
    <div
      class="css-1bascby"
      data-testid="0_5,10"
    />
    <div
      class="css-1yu2ia5"
      data-testid="1_6,10"
    >
      1
    </div>
    <div
      class="css-1yu2ia5"
      data-testid="1_7,10"
    >
      1
    </div>
    <div
      class="css-1yu2ia5"
      data-testid="1_8,10"
    >
      1
    </div>
    <div
      class="css-1yu2ia5"
      data-testid="1_9,10"
    >
      1
    </div>
    <div
      class="css-1na1t6s"
      data-testid="9_10,10"
    >
      <div
        class="css-b14p9c"
      />
    </div>
    <div
      class="css-1yu2ia5"
      data-testid="1_11,10"
    >
      1
    </div>
    <div
      class="css-1bascby"
      data-testid="0_0,11"
    />
    <div
      class="css-1yu2ia5"
      data-testid="1_1,11"
    >
      1
    </div>
    <div
      class="css-1yu2ia5"
      data-testid="1_2,11"
    >
      1
    </div>
    <div
      class="css-1yu2ia5"
      data-testid="1_3,11"
    >
      1
    </div>
    <div
      class="css-1bascby"
      data-testid="0_4,11"
    />
    <div
      class="css-1bascby"
      data-testid="0_5,11"
    />
    <div
      class="css-1yu2ia5"
      data-testid="1_6,11"
    >
      1
    </div>
    <div
      class="css-1yu2ia5"
      data-testid="1_7,11"
    >
      1
    </div>
    <div
      class="css-1yu2ia5"
      data-testid="1_8,11"
    >
      1
    </div>
    <div
      class="css-1yu2ia5"
      data-testid="1_9,11"
    >
      1
    </div>
    <div
      class="css-1na1t6s"
      data-testid="9_10,11"
    >
      <div
        class="css-b14p9c"
      />
    </div>
    <div
      class="css-1yu2ia5"
      data-testid="1_11,11"
    >
      1
    </div>
  </div>
</DocumentFragment>
`;
